// Jest Snapshot v1, https://goo.gl/fbAQLP

exports[`renders Tooltip renders correctly 1`] = `
<b
  onBlur={[Function]}
  onFocus={[Function]}
  onMouseOut={[Function]}
  onMouseOver={[Function]}
>
  Hover Me!
</b>
`;
